../Core/Src/custom_classes/components.cpp:6:6:void Components::Error_Handler()	24	static
../Core/Src/custom_classes/components.cpp:22:6:void Components::init_Components()	16	static
../Core/Src/custom_classes/components.cpp:68:6:void Components::init_ADC_1()	64	static
../Core/Src/custom_classes/components.cpp:141:6:void Components::init_ADC_2()	48	static
../Core/Src/custom_classes/components.cpp:204:6:void Components::init_ADC_5()	48	static
../Core/Src/custom_classes/components.cpp:270:6:void Components::init_COMP_1()	16	static
../Core/Src/custom_classes/components.cpp:287:6:void Components::init_COMP_2()	16	static
../Core/Src/custom_classes/components.cpp:308:6:void Components::init_COMP_4()	16	static
../Core/Src/custom_classes/components.cpp:323:6:void Components::init_COMP_5()	16	static
../Core/Src/custom_classes/components.cpp:341:6:void Components::init_COMP_7()	16	static
../Core/Src/custom_classes/components.cpp:361:6:void Components::init_DAC_1()	64	static
../Core/Src/custom_classes/components.cpp:403:6:void Components::init_DAC_2()	64	static
../Core/Src/custom_classes/components.cpp:438:6:void Components::init_DAC_3()	64	static
../Core/Src/custom_classes/components.cpp:476:6:void Components::init_DAC_4()	64	static
../Core/Src/custom_classes/components.cpp:512:6:void Components::init_OA_1()	16	static
../Core/Src/custom_classes/components.cpp:532:6:void Components::init_OA_2()	16	static
../Core/Src/custom_classes/components.cpp:553:6:void Components::init_OA_3()	16	static
../Core/Src/custom_classes/components.cpp:573:6:void Components::init_OA_4()	16	static
../Core/Src/custom_classes/components.cpp:592:6:void Components::init_OA_5()	16	static
../Core/Src/custom_classes/components.cpp:612:20:ADC_HandleTypeDef* Components::get_ADC_1()	16	static
../Core/Src/custom_classes/components.cpp:617:20:ADC_HandleTypeDef* Components::get_ADC_2()	16	static
../Core/Src/custom_classes/components.cpp:622:20:ADC_HandleTypeDef* Components::get_ADC_5()	16	static
