../Core/Src/custom_classes/components.cpp:6:6:void Components::Error_Handler()	24	static
../Core/Src/custom_classes/components.cpp:22:6:void Components::init_Components()	16	static
../Core/Src/custom_classes/components.cpp:68:6:void Components::init_ADC_1()	64	static
../Core/Src/custom_classes/components.cpp:160:6:void Components::init_ADC_2()	48	static
../Core/Src/custom_classes/components.cpp:228:6:void Components::init_ADC_5()	48	static
../Core/Src/custom_classes/components.cpp:296:6:void Components::init_COMP_1()	16	static
../Core/Src/custom_classes/components.cpp:313:6:void Components::init_COMP_2()	16	static
../Core/Src/custom_classes/components.cpp:334:6:void Components::init_COMP_4()	16	static
../Core/Src/custom_classes/components.cpp:349:6:void Components::init_COMP_5()	16	static
../Core/Src/custom_classes/components.cpp:367:6:void Components::init_COMP_7()	16	static
../Core/Src/custom_classes/components.cpp:387:6:void Components::init_DAC_1()	64	static
../Core/Src/custom_classes/components.cpp:429:6:void Components::init_DAC_2()	64	static
../Core/Src/custom_classes/components.cpp:464:6:void Components::init_DAC_3()	64	static
../Core/Src/custom_classes/components.cpp:502:6:void Components::init_DAC_4()	64	static
../Core/Src/custom_classes/components.cpp:538:6:void Components::init_OA_1()	16	static
../Core/Src/custom_classes/components.cpp:558:6:void Components::init_OA_2()	16	static
../Core/Src/custom_classes/components.cpp:579:6:void Components::init_OA_3()	16	static
../Core/Src/custom_classes/components.cpp:599:6:void Components::init_OA_4()	16	static
../Core/Src/custom_classes/components.cpp:618:6:void Components::init_OA_5()	16	static
../Core/Src/custom_classes/components.cpp:638:20:ADC_HandleTypeDef* Components::get_ADC_1()	16	static
../Core/Src/custom_classes/components.cpp:643:20:ADC_HandleTypeDef* Components::get_ADC_2()	16	static
../Core/Src/custom_classes/components.cpp:648:20:ADC_HandleTypeDef* Components::get_ADC_5()	16	static
