../Core/Src/custom_classes/components.cpp:6:6:void Components::Error_Handler()	16	static
../Core/Src/custom_classes/components.cpp:6:6:void Components::Error_Handler()	16	static
../Core/Src/custom_classes/components.cpp:68:6:void Components::init_ADC_1()	32	static
../Core/Src/custom_classes/components.cpp:182:6:void Components::init_ADC_2()	40	static
../Core/Src/custom_classes/components.cpp:250:6:void Components::init_ADC_5()	40	static
../Core/Src/custom_classes/components.cpp:332:6:void Components::init_COMP_1()	8	static
../Core/Src/custom_classes/components.cpp:349:6:void Components::init_COMP_2()	8	static
../Core/Src/custom_classes/components.cpp:370:6:void Components::init_COMP_4()	8	static
../Core/Src/custom_classes/components.cpp:385:6:void Components::init_COMP_5()	8	static
../Core/Src/custom_classes/components.cpp:403:6:void Components::init_COMP_7()	8	static
../Core/Src/custom_classes/components.cpp:423:6:void Components::init_DAC_1()	56	static
../Core/Src/custom_classes/components.cpp:465:6:void Components::init_DAC_2()	56	static
../Core/Src/custom_classes/components.cpp:500:6:void Components::init_DAC_3()	56	static
../Core/Src/custom_classes/components.cpp:538:6:void Components::init_DAC_4()	56	static
../Core/Src/custom_classes/components.cpp:574:6:void Components::init_OA_1()	8	static
../Core/Src/custom_classes/components.cpp:594:6:void Components::init_OA_2()	8	static
../Core/Src/custom_classes/components.cpp:615:6:void Components::init_OA_3()	8	static
../Core/Src/custom_classes/components.cpp:635:6:void Components::init_OA_4()	8	static
../Core/Src/custom_classes/components.cpp:654:6:void Components::init_OA_5()	8	static
../Core/Src/custom_classes/components.cpp:22:6:void Components::init_Components()	8	static
../Core/Src/custom_classes/components.cpp:674:20:ADC_HandleTypeDef* Components::get_ADC_1()	0	static
../Core/Src/custom_classes/components.cpp:679:20:ADC_HandleTypeDef* Components::get_ADC_2()	0	static
../Core/Src/custom_classes/components.cpp:684:20:ADC_HandleTypeDef* Components::get_ADC_5()	0	static
