../Core/Src/custom_classes/Convertor.cpp:3:1:Convertor::Convertor(SBUS*, Initializer*, Components*)	24	static
../Core/Src/custom_classes/Convertor.cpp:15:6:void Convertor::ledOFF()	16	static
../Core/Src/custom_classes/Convertor.cpp:21:6:void Convertor::testSelector()	16	static
../Core/Src/custom_classes/Convertor.cpp:26:6:void Convertor::getADC()	16	static
../Core/Src/custom_classes/Convertor.cpp:37:6:void Convertor::updateLED()	24	static
../Core/Src/custom_classes/Convertor.cpp:63:6:void Convertor::actuatorControl(int16_t, TIM_HandleTypeDef*, uint32_t, uint32_t)	24	static
../Core/Src/custom_classes/Convertor.cpp:76:6:void Convertor::updateCleanerMotor()	24	static
../Core/Src/custom_classes/Convertor.cpp:96:6:void Convertor::updateSelector()	40	static
../Core/Src/custom_classes/Convertor.cpp:115:6:void Convertor::updatePushMotor()	32	static
../Core/Src/custom_classes/Convertor.cpp:133:6:void Convertor::updateFluidMotor()	32	static
../Core/Src/custom_classes/Convertor.cpp:152:6:void Convertor::updateFluidAmount()	16	static
../Core/Src/custom_classes/Convertor.cpp:166:9:int16_t Convertor::get_selectorPWM()	16	static
../Core/Src/custom_classes/Convertor.cpp:173:9:int16_t Convertor::get_fluidPWM()	16	static
../Core/Src/custom_classes/Convertor.cpp:179:9:int16_t Convertor::get_pushPWM()	16	static
../Core/Src/custom_classes/Convertor.cpp:186:9:int16_t Convertor::get_cleanerMotorPWM()	16	static
../Core/Src/custom_classes/Convertor.cpp:193:9:int16_t Convertor::get_LEDPWM()	16	static
../Core/Src/custom_classes/Convertor.cpp:198:9:int16_t Convertor::get_selector_position()	16	static
../Core/Src/custom_classes/Convertor.cpp:203:9:int16_t Convertor::get_fluidPosition()	16	static
../Core/Src/custom_classes/Convertor.cpp:209:9:int16_t Convertor::get_pushPosition()	16	static
../Core/Src/custom_classes/Convertor.cpp:215:9:int16_t Convertor::get_LEDCurrent()	16	static
../Core/Src/custom_classes/Convertor.cpp:220:9:int16_t Convertor::get_fluidCurrent()	16	static
../Core/Src/custom_classes/Convertor.cpp:226:9:int16_t Convertor::get_pushCurrent()	16	static
../Core/Src/custom_classes/Convertor.cpp:232:9:int16_t Convertor::get_selectorCurrent()	16	static
../Core/Src/custom_classes/Convertor.cpp:237:9:int16_t Convertor::get_fluidAmount()	16	static
../Core/Src/custom_classes/Convertor.cpp:242:6:void Convertor::process()	16	static
