../Core/Src/custom_classes/debugger.cpp:3:1:Debugger::Debugger(HerelinkController*)	0	static
../Core/Src/custom_classes/debugger.cpp:11:6:void Debugger::displayDebugInfo()	8	static
../Core/Src/custom_classes/debugger.cpp:100:6:void Debugger::displaySBUS_channels()	24	static
../Core/Src/custom_classes/debugger.cpp:116:6:void Debugger::displayMavlink_RAW()	24	static
../Core/Src/custom_classes/debugger.cpp:134:6:void Debugger::displayAltitude()	8	static
../Core/Src/custom_classes/debugger.cpp:144:6:void Debugger::debugADC()	0	static
