../Core/Src/custom_classes/Initializer.cpp:3:1:Initializer::Initializer(UART_HandleTypeDef*, UART_HandleTypeDef*)	24	static
../Core/Src/custom_classes/Initializer.cpp:15:6:void Initializer::init_Configs()	16	static
../Core/Src/custom_classes/Initializer.cpp:43:6:void Initializer::initTIM_1()	128	static
../Core/Src/custom_classes/Initializer.cpp:137:6:void Initializer::initTIM_2()	48	static
../Core/Src/custom_classes/Initializer.cpp:177:6:void Initializer::initTIM_3()	64	static
../Core/Src/custom_classes/Initializer.cpp:235:6:void Initializer::initTIM_4()	80	static
../Core/Src/custom_classes/Initializer.cpp:311:6:void Initializer::initTIM_8()	128	static
../Core/Src/custom_classes/Initializer.cpp:395:6:void Initializer::initTIM_16()	104	static
../Core/Src/custom_classes/Initializer.cpp:468:6:void Initializer::initTIM_20()	120	static
../Core/Src/custom_classes/Initializer.cpp:511:6:void Initializer::initUSART_1()	16	static
../Core/Src/custom_classes/Initializer.cpp:552:6:void Initializer::initUSART_2()	16	static
../Core/Src/custom_classes/Initializer.cpp:598:6:void Initializer::initI2C2()	96	static
../Core/Src/custom_classes/Initializer.cpp:642:6:void Initializer::initDMA()	32	static
../Core/Src/custom_classes/Initializer.cpp:669:6:void Initializer::initGPIO()	56	static
../Core/Src/custom_classes/Initializer.cpp:723:6:void Initializer::initClock()	96	static
../Core/Src/custom_classes/Initializer.cpp:772:20:TIM_HandleTypeDef* Initializer::get_LED_Timer()	16	static
../Core/Src/custom_classes/Initializer.cpp:778:20:TIM_HandleTypeDef* Initializer::get_selector_Timer()	16	static
../Core/Src/custom_classes/Initializer.cpp:783:20:TIM_HandleTypeDef* Initializer::get_pushMotor_Timer()	16	static
../Core/Src/custom_classes/Initializer.cpp:789:20:TIM_HandleTypeDef* Initializer::get_fluidMotor_Timer()	16	static
../Core/Src/custom_classes/Initializer.cpp:795:20:TIM_HandleTypeDef* Initializer::get_cleanerMotor_Timer()	16	static
../Core/Src/custom_classes/Initializer.cpp:801:20:I2C_HandleTypeDef* Initializer::get_i2c()	16	static
../Core/Src/custom_classes/Initializer.cpp:808:6:void Initializer::Error_Handler()	24	static
