../Core/Src/custom_classes/Initializer.cpp:814:6:void Initializer::Error_Handler()	16	static
../Core/Src/custom_classes/Initializer.cpp:37:6:void Initializer::initTIM_1()	128	static
../Core/Src/custom_classes/Initializer.cpp:133:6:void Initializer::initTIM_2()	40	static
../Core/Src/custom_classes/Initializer.cpp:173:6:void Initializer::initTIM_3()	64	static
../Core/Src/custom_classes/Initializer.cpp:232:6:void Initializer::initTIM_4()	80	static
../Core/Src/custom_classes/Initializer.cpp:310:6:void Initializer::initTIM_8()	128	static
../Core/Src/custom_classes/Initializer.cpp:395:6:void Initializer::initTIM_16()	104	static
../Core/Src/custom_classes/Initializer.cpp:468:6:void Initializer::initTIM_20()	112	static
../Core/Src/custom_classes/Initializer.cpp:511:6:void Initializer::initUSART_1()	8	static
../Core/Src/custom_classes/Initializer.cpp:552:6:void Initializer::initUSART_2()	8	static
../Core/Src/custom_classes/Initializer.cpp:598:6:void Initializer::initI2C2()	16	static
../Core/Src/custom_classes/Initializer.cpp:643:6:void Initializer::initDMA()	24	static
../Core/Src/custom_classes/Initializer.cpp:15:6:void Initializer::init_Configs()	8	static
../Core/Src/custom_classes/Initializer.cpp:675:6:void Initializer::initGPIO()	64	static
../Core/Src/custom_classes/Initializer.cpp:729:6:void Initializer::initClock()	88	static
../Core/Src/custom_classes/Initializer.cpp:3:1:Initializer::Initializer(UART_HandleTypeDef*, UART_HandleTypeDef*)	8	static
../Core/Src/custom_classes/Initializer.cpp:778:20:TIM_HandleTypeDef* Initializer::get_LED_Timer()	0	static
../Core/Src/custom_classes/Initializer.cpp:784:20:TIM_HandleTypeDef* Initializer::get_selector_Timer()	0	static
../Core/Src/custom_classes/Initializer.cpp:789:20:TIM_HandleTypeDef* Initializer::get_pushMotor_Timer()	0	static
../Core/Src/custom_classes/Initializer.cpp:795:20:TIM_HandleTypeDef* Initializer::get_fluidMotor_Timer()	0	static
../Core/Src/custom_classes/Initializer.cpp:801:20:TIM_HandleTypeDef* Initializer::get_cleanerMotor_Timer()	0	static
../Core/Src/custom_classes/Initializer.cpp:807:20:I2C_HandleTypeDef* Initializer::get_i2c()	0	static
../Core/Src/custom_classes/Initializer.cpp:814:6:void Initializer::Error_Handler()	16	static
