../Core/Src/custom_classes/Initializer.cpp:803:6:void Initializer::Error_Handler()	16	static
../Core/Src/custom_classes/Initializer.cpp:37:6:void Initializer::initTIM_1()	128	static
../Core/Src/custom_classes/Initializer.cpp:131:6:void Initializer::initTIM_2()	40	static
../Core/Src/custom_classes/Initializer.cpp:171:6:void Initializer::initTIM_3()	64	static
../Core/Src/custom_classes/Initializer.cpp:229:6:void Initializer::initTIM_4()	80	static
../Core/Src/custom_classes/Initializer.cpp:305:6:void Initializer::initTIM_8()	128	static
../Core/Src/custom_classes/Initializer.cpp:389:6:void Initializer::initTIM_16()	104	static
../Core/Src/custom_classes/Initializer.cpp:462:6:void Initializer::initTIM_20()	112	static
../Core/Src/custom_classes/Initializer.cpp:505:6:void Initializer::initUSART_1()	8	static
../Core/Src/custom_classes/Initializer.cpp:546:6:void Initializer::initUSART_2()	8	static
../Core/Src/custom_classes/Initializer.cpp:592:6:void Initializer::initI2C2()	16	static
../Core/Src/custom_classes/Initializer.cpp:637:6:void Initializer::initDMA()	24	static
../Core/Src/custom_classes/Initializer.cpp:15:6:void Initializer::init_Configs()	8	static
../Core/Src/custom_classes/Initializer.cpp:664:6:void Initializer::initGPIO()	64	static
../Core/Src/custom_classes/Initializer.cpp:718:6:void Initializer::initClock()	88	static
../Core/Src/custom_classes/Initializer.cpp:3:1:Initializer::Initializer(UART_HandleTypeDef*, UART_HandleTypeDef*)	8	static
../Core/Src/custom_classes/Initializer.cpp:767:20:TIM_HandleTypeDef* Initializer::get_LED_Timer()	0	static
../Core/Src/custom_classes/Initializer.cpp:773:20:TIM_HandleTypeDef* Initializer::get_selector_Timer()	0	static
../Core/Src/custom_classes/Initializer.cpp:778:20:TIM_HandleTypeDef* Initializer::get_pushMotor_Timer()	0	static
../Core/Src/custom_classes/Initializer.cpp:784:20:TIM_HandleTypeDef* Initializer::get_fluidMotor_Timer()	0	static
../Core/Src/custom_classes/Initializer.cpp:790:20:TIM_HandleTypeDef* Initializer::get_cleanerMotor_Timer()	0	static
../Core/Src/custom_classes/Initializer.cpp:796:20:I2C_HandleTypeDef* Initializer::get_i2c()	0	static
../Core/Src/custom_classes/Initializer.cpp:803:6:void Initializer::Error_Handler()	16	static
