../Core/Src/custom_classes/Initializer.cpp:3:1:Initializer::Initializer(UART_HandleTypeDef*, UART_HandleTypeDef*)	24	static
../Core/Src/custom_classes/Initializer.cpp:15:6:void Initializer::init_Configs()	16	static
../Core/Src/custom_classes/Initializer.cpp:42:6:void Initializer::initTIM_1()	128	static
../Core/Src/custom_classes/Initializer.cpp:136:6:void Initializer::initTIM_2()	48	static
../Core/Src/custom_classes/Initializer.cpp:176:6:void Initializer::initTIM_3()	64	static
../Core/Src/custom_classes/Initializer.cpp:234:6:void Initializer::initTIM_4()	80	static
../Core/Src/custom_classes/Initializer.cpp:310:6:void Initializer::initTIM_8()	128	static
../Core/Src/custom_classes/Initializer.cpp:394:6:void Initializer::initTIM_16()	104	static
../Core/Src/custom_classes/Initializer.cpp:467:6:void Initializer::initTIM_20()	120	static
../Core/Src/custom_classes/Initializer.cpp:510:6:void Initializer::initUSART_1()	16	static
../Core/Src/custom_classes/Initializer.cpp:551:6:void Initializer::initUSART_2()	16	static
../Core/Src/custom_classes/Initializer.cpp:597:6:void Initializer::initI2C2()	96	static
../Core/Src/custom_classes/Initializer.cpp:641:6:void Initializer::initDMA()	32	static
../Core/Src/custom_classes/Initializer.cpp:668:6:void Initializer::initGPIO()	56	static
../Core/Src/custom_classes/Initializer.cpp:722:6:void Initializer::initClock()	96	static
../Core/Src/custom_classes/Initializer.cpp:771:20:TIM_HandleTypeDef* Initializer::get_LED_Timer()	16	static
../Core/Src/custom_classes/Initializer.cpp:777:20:TIM_HandleTypeDef* Initializer::get_selector_Timer()	16	static
../Core/Src/custom_classes/Initializer.cpp:782:20:TIM_HandleTypeDef* Initializer::get_pushMotor_Timer()	16	static
../Core/Src/custom_classes/Initializer.cpp:788:20:TIM_HandleTypeDef* Initializer::get_fluidMotor_Timer()	16	static
../Core/Src/custom_classes/Initializer.cpp:794:20:TIM_HandleTypeDef* Initializer::get_cleanerMotor_Timer()	16	static
../Core/Src/custom_classes/Initializer.cpp:801:6:void Initializer::Error_Handler()	24	static
