../Core/Src/stm32g4xx_it.c:92:6:NMI_Handler	4	static
../Core/Src/stm32g4xx_it.c:107:6:HardFault_Handler	4	static
../Core/Src/stm32g4xx_it.c:122:6:MemManage_Handler	4	static
../Core/Src/stm32g4xx_it.c:137:6:BusFault_Handler	4	static
../Core/Src/stm32g4xx_it.c:152:6:UsageFault_Handler	4	static
../Core/Src/stm32g4xx_it.c:167:6:SVC_Handler	4	static
../Core/Src/stm32g4xx_it.c:180:6:DebugMon_Handler	4	static
../Core/Src/stm32g4xx_it.c:193:6:PendSV_Handler	4	static
../Core/Src/stm32g4xx_it.c:206:6:SysTick_Handler	8	static
../Core/Src/stm32g4xx_it.c:227:6:DMA1_Channel1_IRQHandler	8	static
../Core/Src/stm32g4xx_it.c:241:6:DMA1_Channel2_IRQHandler	8	static
../Core/Src/stm32g4xx_it.c:255:6:DMA1_Channel3_IRQHandler	8	static
../Core/Src/stm32g4xx_it.c:269:6:DMA1_Channel4_IRQHandler	8	static
../Core/Src/stm32g4xx_it.c:283:6:USB_LP_IRQHandler	8	static
../Core/Src/stm32g4xx_it.c:297:6:I2C2_EV_IRQHandler	8	static
../Core/Src/stm32g4xx_it.c:311:6:USART1_IRQHandler	8	static
../Core/Src/stm32g4xx_it.c:325:6:USART2_IRQHandler	8	static
../Core/Src/stm32g4xx_it.c:339:6:DMA2_Channel1_IRQHandler	8	static
