../Core/Src/custom_classes/HerelinkController/Convertor.cpp:3:1:Convertor::Convertor(SBUS*, Initializer*, Components*, Altimeter*)	24	static
../Core/Src/custom_classes/HerelinkController/Convertor.cpp:16:6:void Convertor::ledOFF()	8	static
../Core/Src/custom_classes/HerelinkController/Convertor.cpp:79:6:void Convertor::updateLED()	16	static
../Core/Src/custom_classes/HerelinkController/Convertor.cpp:99:6:void Convertor::actuatorControl(int16_t, TIM_HandleTypeDef*, uint32_t, uint32_t)	8	static
../Core/Src/custom_classes/HerelinkController/Convertor.cpp:22:6:void Convertor::testSelector()	24	static
../Core/Src/custom_classes/HerelinkController/Convertor.cpp:112:6:void Convertor::updateCleanerMotor()	16	static
../Core/Src/custom_classes/HerelinkController/Convertor.cpp:131:6:void Convertor::updateSelector(int16_t)	24	static
../Core/Src/custom_classes/HerelinkController/Convertor.cpp:146:6:void Convertor::updatePushMotor()	24	static
../Core/Src/custom_classes/HerelinkController/Convertor.cpp:250:6:void Convertor::updateFluidMotor()	24	static
../Core/Src/custom_classes/HerelinkController/Convertor.cpp:269:6:void Convertor::updateFluidAmount()	8	static
../Core/Src/custom_classes/HerelinkController/Convertor.cpp:282:6:void Convertor::setAltitudeOffset()	16	static
../Core/Src/custom_classes/HerelinkController/Convertor.cpp:313:9:int16_t Convertor::get_selectorPWM()	0	static
../Core/Src/custom_classes/HerelinkController/Convertor.cpp:320:9:int16_t Convertor::get_fluidPWM()	0	static
../Core/Src/custom_classes/HerelinkController/Convertor.cpp:326:9:int16_t Convertor::get_pushPWM()	0	static
../Core/Src/custom_classes/HerelinkController/Convertor.cpp:333:9:int16_t Convertor::get_cleanerMotorPWM()	0	static
../Core/Src/custom_classes/HerelinkController/Convertor.cpp:340:9:int16_t Convertor::get_LEDPWM()	0	static
../Core/Src/custom_classes/HerelinkController/Convertor.cpp:360:9:int16_t Convertor::get_selector_position()	8	static
../Core/Src/custom_classes/HerelinkController/Convertor.cpp:165:6:void Convertor::makeSquare()	16	static
../Core/Src/custom_classes/HerelinkController/Convertor.cpp:214:6:void Convertor::updateSelectorPosition()	16	static
../Core/Src/custom_classes/HerelinkController/Convertor.cpp:365:9:int16_t Convertor::get_fluidPosition()	8	static
../Core/Src/custom_classes/HerelinkController/Convertor.cpp:372:9:int16_t Convertor::get_pushPosition()	8	static
../Core/Src/custom_classes/HerelinkController/Convertor.cpp:378:9:int16_t Convertor::get_LEDCurrent()	8	static
../Core/Src/custom_classes/HerelinkController/Convertor.cpp:383:9:int16_t Convertor::get_fluidCurrent()	8	static
../Core/Src/custom_classes/HerelinkController/Convertor.cpp:389:9:int16_t Convertor::get_pushCurrent()	8	static
../Core/Src/custom_classes/HerelinkController/Convertor.cpp:395:9:int16_t Convertor::get_selectorCurrent()	8	static
../Core/Src/custom_classes/HerelinkController/Convertor.cpp:400:9:int16_t Convertor::get_fluidAmount()	0	static
../Core/Src/custom_classes/HerelinkController/Convertor.cpp:421:6:void Convertor::Error_Handler()	16	static
../Core/Src/custom_classes/HerelinkController/Convertor.cpp:39:10:uint16_t Convertor::getADC_NO_DMA(ADC_HandleTypeDef*, uint32_t)	48	static
../Core/Src/custom_classes/HerelinkController/Convertor.cpp:64:6:void Convertor::getADC()	8	static
../Core/Src/custom_classes/HerelinkController/Convertor.cpp:405:6:void Convertor::process()	8	static
