../Core/Src/custom_classes/HerelinkController/Convertor.cpp:20:6:void Convertor::ledOFF()	8	static
../Core/Src/custom_classes/HerelinkController/Convertor.cpp:69:6:void Convertor::updateLED()	16	static
../Core/Src/custom_classes/HerelinkController/Convertor.cpp:87:6:void Convertor::actuatorControl(int16_t, TIM_HandleTypeDef*, uint32_t, uint32_t)	8	static
../Core/Src/custom_classes/HerelinkController/Convertor.cpp:99:6:void Convertor::stopCleanerMotor()	8	static
../Core/Src/custom_classes/HerelinkController/Convertor.cpp:105:6:void Convertor::updateCleanerMotor()	16	static
../Core/Src/custom_classes/HerelinkController/Convertor.cpp:122:6:void Convertor::updateCleanerMotor(int16_t)	8	static
../Core/Src/custom_classes/HerelinkController/Convertor.cpp:139:6:void Convertor::updateSelector()	16	static
../Core/Src/custom_classes/HerelinkController/Convertor.cpp:221:6:void Convertor::moveSelector(int16_t)	24	static
../Core/Src/custom_classes/HerelinkController/Convertor.cpp:237:6:void Convertor::updatePushMotor()	24	static
../Core/Src/custom_classes/HerelinkController/Convertor.cpp:253:6:void Convertor::updateFluidMotorJogWheel()	8	static
../Core/Src/custom_classes/HerelinkController/Convertor.cpp:342:6:void Convertor::updateFluidAmount()	8	static
../Core/Src/custom_classes/HerelinkController/Convertor.cpp:356:6:void Convertor::setAltitudeOffset()	16	static
../Core/Src/custom_classes/HerelinkController/Convertor.cpp:404:9:int16_t Convertor::get_selectorPWM()	0	static
../Core/Src/custom_classes/HerelinkController/Convertor.cpp:411:9:int16_t Convertor::get_fluidPWM()	0	static
../Core/Src/custom_classes/HerelinkController/Convertor.cpp:417:9:int16_t Convertor::get_pushPWM()	0	static
../Core/Src/custom_classes/HerelinkController/Convertor.cpp:424:9:int16_t Convertor::get_cleanerMotorPWM()	0	static
../Core/Src/custom_classes/HerelinkController/Convertor.cpp:431:9:int16_t Convertor::get_LEDPWM()	0	static
../Core/Src/custom_classes/HerelinkController/Convertor.cpp:436:10:uint16_t Convertor::get_battery_voltage()	8	static
../Core/Src/custom_classes/HerelinkController/Convertor.cpp:454:9:int16_t Convertor::get_selector_position()	8	static
../Core/Src/custom_classes/HerelinkController/Convertor.cpp:268:6:void Convertor::updateSelectorPosition()	8	static
../Core/Src/custom_classes/HerelinkController/Convertor.cpp:459:9:int16_t Convertor::get_fluidPosition()	8	static
../Core/Src/custom_classes/HerelinkController/Convertor.cpp:3:1:Convertor::Convertor(SBUS*, Initializer*, Components*, Altimeter*)	32	static
../Core/Src/custom_classes/HerelinkController/Convertor.cpp:281:6:void Convertor::updateFluidPosition()	8	static
../Core/Src/custom_classes/HerelinkController/Convertor.cpp:319:6:void Convertor::updateFluidMotor()	8	static
../Core/Src/custom_classes/HerelinkController/Convertor.cpp:387:6:void Convertor::setSleepMode()	8	static
../Core/Src/custom_classes/HerelinkController/Convertor.cpp:466:9:int16_t Convertor::get_pushPosition()	8	static
../Core/Src/custom_classes/HerelinkController/Convertor.cpp:472:9:int16_t Convertor::get_LEDCurrent()	8	static
../Core/Src/custom_classes/HerelinkController/Convertor.cpp:477:9:int16_t Convertor::get_fluidCurrent()	8	static
../Core/Src/custom_classes/HerelinkController/Convertor.cpp:483:9:int16_t Convertor::get_pushCurrent()	8	static
../Core/Src/custom_classes/HerelinkController/Convertor.cpp:489:9:int16_t Convertor::get_selectorCurrent()	8	static
../Core/Src/custom_classes/HerelinkController/Convertor.cpp:494:9:int16_t Convertor::get_fluidAmount()	0	static
../Core/Src/custom_classes/HerelinkController/Convertor.cpp:530:6:void Convertor::Error_Handler()	16	static
../Core/Src/custom_classes/HerelinkController/Convertor.cpp:28:10:uint16_t Convertor::getADC_NO_DMA(ADC_HandleTypeDef*, uint32_t)	48	static
../Core/Src/custom_classes/HerelinkController/Convertor.cpp:53:6:void Convertor::getADC()	8	static
../Core/Src/custom_classes/HerelinkController/Convertor.cpp:499:6:void Convertor::process()	8	static
