../Core/Src/custom_classes/HerelinkController/Convertor.cpp:20:6:void Convertor::ledOFF()	8	static
../Core/Src/custom_classes/HerelinkController/Convertor.cpp:69:6:void Convertor::updateLED()	16	static
../Core/Src/custom_classes/HerelinkController/Convertor.cpp:91:6:void Convertor::actuatorControl(int16_t, TIM_HandleTypeDef*, uint32_t, uint32_t)	8	static
../Core/Src/custom_classes/HerelinkController/Convertor.cpp:103:6:void Convertor::stopCleanerMotor()	8	static
../Core/Src/custom_classes/HerelinkController/Convertor.cpp:109:6:void Convertor::updateCleanerMotor()	16	static
../Core/Src/custom_classes/HerelinkController/Convertor.cpp:126:6:void Convertor::updateCleanerMotor(int16_t)	8	static
../Core/Src/custom_classes/HerelinkController/Convertor.cpp:143:6:void Convertor::updateSelector()	16	static
../Core/Src/custom_classes/HerelinkController/Convertor.cpp:227:6:void Convertor::moveSelector(int16_t)	24	static
../Core/Src/custom_classes/HerelinkController/Convertor.cpp:244:6:void Convertor::updatePushMotor()	24	static
../Core/Src/custom_classes/HerelinkController/Convertor.cpp:260:6:void Convertor::updateFluidMotorJogWheel()	8	static
../Core/Src/custom_classes/HerelinkController/Convertor.cpp:351:6:void Convertor::updateFluidAmount()	8	static
../Core/Src/custom_classes/HerelinkController/Convertor.cpp:365:6:void Convertor::setAltitudeOffset()	16	static
../Core/Src/custom_classes/HerelinkController/Convertor.cpp:413:9:int16_t Convertor::get_selectorPWM()	0	static
../Core/Src/custom_classes/HerelinkController/Convertor.cpp:420:9:int16_t Convertor::get_fluidPWM()	0	static
../Core/Src/custom_classes/HerelinkController/Convertor.cpp:426:9:int16_t Convertor::get_pushPWM()	0	static
../Core/Src/custom_classes/HerelinkController/Convertor.cpp:433:9:int16_t Convertor::get_cleanerMotorPWM()	0	static
../Core/Src/custom_classes/HerelinkController/Convertor.cpp:440:9:int16_t Convertor::get_LEDPWM()	0	static
../Core/Src/custom_classes/HerelinkController/Convertor.cpp:445:10:uint16_t Convertor::get_battery_voltage()	8	static
../Core/Src/custom_classes/HerelinkController/Convertor.cpp:462:9:int16_t Convertor::get_selector_position()	8	static
../Core/Src/custom_classes/HerelinkController/Convertor.cpp:275:6:void Convertor::updateSelectorPosition()	8	static
../Core/Src/custom_classes/HerelinkController/Convertor.cpp:467:9:int16_t Convertor::get_fluidPosition()	8	static
../Core/Src/custom_classes/HerelinkController/Convertor.cpp:3:1:Convertor::Convertor(SBUS*, Initializer*, Components*, Altimeter*)	32	static
../Core/Src/custom_classes/HerelinkController/Convertor.cpp:288:6:void Convertor::updateFluidPosition()	8	static
../Core/Src/custom_classes/HerelinkController/Convertor.cpp:328:6:void Convertor::updateFluidMotor()	8	static
../Core/Src/custom_classes/HerelinkController/Convertor.cpp:396:6:void Convertor::setSleepMode()	8	static
../Core/Src/custom_classes/HerelinkController/Convertor.cpp:474:9:int16_t Convertor::get_pushPosition()	8	static
../Core/Src/custom_classes/HerelinkController/Convertor.cpp:480:9:int16_t Convertor::get_LEDCurrent()	8	static
../Core/Src/custom_classes/HerelinkController/Convertor.cpp:485:9:int16_t Convertor::get_fluidCurrent()	8	static
../Core/Src/custom_classes/HerelinkController/Convertor.cpp:491:9:int16_t Convertor::get_pushCurrent()	8	static
../Core/Src/custom_classes/HerelinkController/Convertor.cpp:497:9:int16_t Convertor::get_selectorCurrent()	8	static
../Core/Src/custom_classes/HerelinkController/Convertor.cpp:502:9:int16_t Convertor::get_fluidAmount()	0	static
../Core/Src/custom_classes/HerelinkController/Convertor.cpp:508:9:int16_t Convertor::get_sleepToggle()	0	static
../Core/Src/custom_classes/HerelinkController/Convertor.cpp:545:6:void Convertor::Error_Handler()	16	static
../Core/Src/custom_classes/HerelinkController/Convertor.cpp:28:10:uint16_t Convertor::getADC_NO_DMA(ADC_HandleTypeDef*, uint32_t)	48	static
../Core/Src/custom_classes/HerelinkController/Convertor.cpp:53:6:void Convertor::getADC()	8	static
../Core/Src/custom_classes/HerelinkController/Convertor.cpp:514:6:void Convertor::process()	8	static
