../Core/Src/custom_classes/HerelinkController/Convertor.cpp:3:1:Convertor::Convertor(SBUS*, Initializer*, Components*, Altimeter*)	24	static
../Core/Src/custom_classes/HerelinkController/Convertor.cpp:19:6:void Convertor::ledOFF()	8	static
../Core/Src/custom_classes/HerelinkController/Convertor.cpp:68:6:void Convertor::updateLED()	16	static
../Core/Src/custom_classes/HerelinkController/Convertor.cpp:88:6:void Convertor::actuatorControl(int16_t, TIM_HandleTypeDef*, uint32_t, uint32_t)	8	static
../Core/Src/custom_classes/HerelinkController/Convertor.cpp:100:6:void Convertor::stopCleanerMotor()	8	static
../Core/Src/custom_classes/HerelinkController/Convertor.cpp:106:6:void Convertor::updateCleanerMotor()	16	static
../Core/Src/custom_classes/HerelinkController/Convertor.cpp:128:6:void Convertor::updateSelector()	16	static
../Core/Src/custom_classes/HerelinkController/Convertor.cpp:193:6:void Convertor::moveSelector(int16_t)	24	static
../Core/Src/custom_classes/HerelinkController/Convertor.cpp:208:6:void Convertor::updatePushMotor()	24	static
../Core/Src/custom_classes/HerelinkController/Convertor.cpp:296:6:void Convertor::updateFluidAmount()	8	static
../Core/Src/custom_classes/HerelinkController/Convertor.cpp:309:6:void Convertor::setAltitudeOffset()	16	static
../Core/Src/custom_classes/HerelinkController/Convertor.cpp:339:6:void Convertor::setSleepMode()	8	static
../Core/Src/custom_classes/HerelinkController/Convertor.cpp:353:9:int16_t Convertor::get_selectorPWM()	0	static
../Core/Src/custom_classes/HerelinkController/Convertor.cpp:360:9:int16_t Convertor::get_fluidPWM()	0	static
../Core/Src/custom_classes/HerelinkController/Convertor.cpp:366:9:int16_t Convertor::get_pushPWM()	0	static
../Core/Src/custom_classes/HerelinkController/Convertor.cpp:373:9:int16_t Convertor::get_cleanerMotorPWM()	0	static
../Core/Src/custom_classes/HerelinkController/Convertor.cpp:380:9:int16_t Convertor::get_LEDPWM()	0	static
../Core/Src/custom_classes/HerelinkController/Convertor.cpp:385:9:int16_t Convertor::get_battery_voltage()	8	static
../Core/Src/custom_classes/HerelinkController/Convertor.cpp:400:9:int16_t Convertor::get_selector_position()	8	static
../Core/Src/custom_classes/HerelinkController/Convertor.cpp:226:6:void Convertor::updateSelectorPosition()	8	static
../Core/Src/custom_classes/HerelinkController/Convertor.cpp:405:9:int16_t Convertor::get_fluidPosition()	8	static
../Core/Src/custom_classes/HerelinkController/Convertor.cpp:239:6:void Convertor::updateFluidPosition()	8	static
../Core/Src/custom_classes/HerelinkController/Convertor.cpp:273:6:void Convertor::updateFluidMotor()	8	static
../Core/Src/custom_classes/HerelinkController/Convertor.cpp:412:9:int16_t Convertor::get_pushPosition()	8	static
../Core/Src/custom_classes/HerelinkController/Convertor.cpp:418:9:int16_t Convertor::get_LEDCurrent()	8	static
../Core/Src/custom_classes/HerelinkController/Convertor.cpp:423:9:int16_t Convertor::get_fluidCurrent()	8	static
../Core/Src/custom_classes/HerelinkController/Convertor.cpp:429:9:int16_t Convertor::get_pushCurrent()	8	static
../Core/Src/custom_classes/HerelinkController/Convertor.cpp:435:9:int16_t Convertor::get_selectorCurrent()	8	static
../Core/Src/custom_classes/HerelinkController/Convertor.cpp:440:9:int16_t Convertor::get_fluidAmount()	0	static
../Core/Src/custom_classes/HerelinkController/Convertor.cpp:472:6:void Convertor::Error_Handler()	16	static
../Core/Src/custom_classes/HerelinkController/Convertor.cpp:27:10:uint16_t Convertor::getADC_NO_DMA(ADC_HandleTypeDef*, uint32_t)	48	static
../Core/Src/custom_classes/HerelinkController/Convertor.cpp:52:6:void Convertor::getADC()	8	static
../Core/Src/custom_classes/HerelinkController/Convertor.cpp:445:6:void Convertor::process()	8	static
