../Core/Src/custom_classes/HerelinkController/HerelinkController.cpp:5:1:HerelinkController::HerelinkController()	8	static
../Core/Src/custom_classes/HerelinkController/HerelinkController.cpp:8:1:HerelinkController::HerelinkController(UART_HandleTypeDef*, UART_HandleTypeDef*, Initializer*, Components*)	32	static
../Core/Src/custom_classes/HerelinkController/HerelinkController.cpp:22:6:void HerelinkController::setMotorSpeed(int)	0	static
../Core/Src/custom_classes/HerelinkController/HerelinkController.cpp:27:6:void HerelinkController::setSquareSize(int)	0	static
../Core/Src/custom_classes/HerelinkController/HerelinkController.cpp:33:6:void HerelinkController::setLedIntensity(int)	0	static
../Core/Src/custom_classes/HerelinkController/HerelinkController.cpp:39:11:Altimeter HerelinkController::getAltimeter()	16	static
../Core/Src/custom_classes/HerelinkController/HerelinkController.cpp:44:16:MavlinkControl HerelinkController::getMavlink()	8	static
../Core/Src/custom_classes/HerelinkController/HerelinkController.cpp:50:6:SBUS HerelinkController::getSbus()	16	static
../Core/Src/custom_classes/HerelinkController/HerelinkController.cpp:55:6:void HerelinkController::update()	16	static
