../Core/Src/custom_classes/HerelinkController/SBUS.cpp:3:1:SBUS::SBUS(UART_HandleTypeDef*)	16	static
../Core/Src/custom_classes/HerelinkController/SBUS.cpp:26:6:bool SBUS::readSBUS()	8	static
../Core/Src/custom_classes/HerelinkController/SBUS.cpp:12:6:void SBUS::update()	8	static
../Core/Src/custom_classes/HerelinkController/SBUS.cpp:143:7:float SBUS::getLeftY()	0	static
../Core/Src/custom_classes/HerelinkController/SBUS.cpp:166:7:float SBUS::getLeftX()	0	static
../Core/Src/custom_classes/HerelinkController/SBUS.cpp:188:7:float SBUS::getRightY()	0	static
../Core/Src/custom_classes/HerelinkController/SBUS.cpp:211:7:float SBUS::getRightX()	0	static
../Core/Src/custom_classes/HerelinkController/SBUS.cpp:236:7:float SBUS::getJogWheel()	0	static
../Core/Src/custom_classes/HerelinkController/SBUS.cpp:259:6:bool SBUS::A_button()	0	static
../Core/Src/custom_classes/HerelinkController/SBUS.cpp:298:6:bool SBUS::B_button()	0	static
../Core/Src/custom_classes/HerelinkController/SBUS.cpp:335:6:bool SBUS::C_button()	0	static
../Core/Src/custom_classes/HerelinkController/SBUS.cpp:370:6:bool SBUS::D_button()	0	static
../Core/Src/custom_classes/HerelinkController/SBUS.cpp:405:6:bool SBUS::home_button_long()	0	static
../Core/Src/custom_classes/HerelinkController/SBUS.cpp:440:6:bool SBUS::home_button()	0	static
../Core/Src/custom_classes/HerelinkController/SBUS.cpp:474:6:bool SBUS::shoulder_button()	0	static
../Core/Src/custom_classes/HerelinkController/SBUS.cpp:508:6:bool SBUS::shoulder_button_long()	0	static
../Core/Src/custom_classes/HerelinkController/SBUS.cpp:520:6:void SBUS::Error_Handler()	16	static
