../Core/Src/custom_classes/HerelinkController/SBUS.cpp:3:1:SBUS::SBUS(UART_HandleTypeDef*)	16	static
../Core/Src/custom_classes/HerelinkController/SBUS.cpp:27:6:bool SBUS::readSBUS()	0	static
../Core/Src/custom_classes/HerelinkController/SBUS.cpp:13:6:void SBUS::update()	8	static
../Core/Src/custom_classes/HerelinkController/SBUS.cpp:138:7:float SBUS::getLeftY()	0	static
../Core/Src/custom_classes/HerelinkController/SBUS.cpp:161:7:float SBUS::getLeftX()	0	static
../Core/Src/custom_classes/HerelinkController/SBUS.cpp:183:7:float SBUS::getRightY()	0	static
../Core/Src/custom_classes/HerelinkController/SBUS.cpp:206:7:float SBUS::getRightX()	0	static
../Core/Src/custom_classes/HerelinkController/SBUS.cpp:231:7:float SBUS::getJogWheel()	0	static
../Core/Src/custom_classes/HerelinkController/SBUS.cpp:254:6:bool SBUS::A_button()	0	static
../Core/Src/custom_classes/HerelinkController/SBUS.cpp:293:6:bool SBUS::B_button()	0	static
../Core/Src/custom_classes/HerelinkController/SBUS.cpp:331:6:bool SBUS::C_button()	0	static
../Core/Src/custom_classes/HerelinkController/SBUS.cpp:366:6:bool SBUS::D_button()	0	static
../Core/Src/custom_classes/HerelinkController/SBUS.cpp:401:6:bool SBUS::home_button_long()	0	static
../Core/Src/custom_classes/HerelinkController/SBUS.cpp:436:6:bool SBUS::home_button()	0	static
../Core/Src/custom_classes/HerelinkController/SBUS.cpp:471:6:void SBUS::Error_Handler()	16	static
